Former O
JJ B-org
U.N. B-org
NNP B-org
Secretary O
NNP B-org
General B-per
NNP I-per
Kofi I-per
NNP I-per
Annan I-per
NNP B-org
had O
VBD B-org
called O
VBN B-org
for O
IN B-org
a O
DT O
12-month O
JJ B-org
extension O
NN B-org
before O
IN B-org
leaving O
VBG B-org
his O
PRP B-org
$ O
post O
NN B-org
last O
JJ B-org
year O
NN B-org
. O
. O

The O
DT B-org
government O
NN B-org
also O
RB B-org
has O
VBZ B-org
suspended O
VBN B-org
the O
DT B-org
mayors O
NNS B-org
of O
IN B-org
the O
DT B-org
cities O
NNS B-org
of O
IN B-org
Xingning B-geo
VBG B-org
and O
CC B-org
Meizhou B-geo
NNP B-org
for O
IN B-org
failing O
VBG B-org
to O
TO O
supervise O
VB B-org
coal O
NN B-org
mine O
NN B-org
production O
NN B-org
. O
. O

The O
DT B-org
settlers O
NNS B-org
were O
VBD B-org
apparently O
RB O
retaliating O
VBG B-org
because O
IN B-org
the O
DT B-org
army O
NN B-org
removed O
VBD B-org
a O
DT B-org
settler O
NN B-org
's O
POS O
caravan O
NN B-org
from O
IN B-org
an O
DT B-org
unauthorized O
JJ B-org
settlement O
NN B-org
outpost O
NN B-org
in O
IN B-org
the O
DT B-org
area O
NN B-org
earlier O
RBR B-org
in O
IN B-org
the O
DT B-org
day O
NN B-org
. O
. O

Interim O
NNP B-org
Iraqi B-gpe
JJ B-org
Prime B-per
NNP B-org
Minister B-per
NNP I-per
Iyad I-per
NNP I-per
Allawi I-per
NNP B-org
says O
VBZ B-org
he O
PRP B-org
will O
MD O
more O
RBR B-org
than O
IN O
double O
VB O
the O
DT O
size O
NN B-org
of O
IN B-org
Iraq B-geo
NNP B-org
's O
POS B-org
army O
NN B-org
to O
TO O
1,50,000 O
CD O
troops O
NNS B-org
, O
, O
in O
IN B-org
the O
DT B-org
face O
NN B-org
of O
IN B-org
a O
DT B-org
deadly O
JJ B-org
insurgency O
NN B-org
that O
WDT B-org
has O
VBZ B-org
killed O
VBN B-org
more O
JJR B-org
than O
IN O
100 O
CD O
Iraqis B-gpe
NNS B-org
over O
IN O
the O
DT B-org
past O
JJ B-org
week O
NN B-org
alone O
RB B-org
. O
. O

Ms. B-per
NNP B-org
Rice I-per
NNP B-org
will O
MD O
travel O
VB B-org
to O
TO B-org
India B-geo
NNP B-org
, O
, O
Pakistan B-geo
NNP B-org
, O
, O
Afghanistan B-geo
NNP B-org
, O
, O
Japan B-geo
NNP B-org
, O
, O
South B-geo
NNP I-org
Korea B-geo
NNP B-org
and O
CC B-org
China B-geo
NNP B-org
before O
IN B-org
returning O
VBG B-org
to O
TO O
Washington B-geo
NNP B-org
on O
IN B-tim
March B-tim
NNP B-org
21 O
CD O
. O
. O

The O
DT B-org
People I-org
NNS B-org
's O
POS B-org
Liberation I-org
NNP B-org
Army I-org
NNP B-org
Daily I-org
NNP B-org
newspaper O
NN B-org
said O
VBD B-org
Saturday B-tim
NNP B-org
the O
DT B-org
2.3-million-strong O
JJ B-org
army O
NN B-org
should O
MD O
make O
VB B-org
urgent O
JJ B-org
plans O
NNS B-org
to O
TO O
detect O
VB B-org
the O
DT B-org
virus O
NN B-org
and O
CC O
stop O
VB B-org
its O
PRP O
$ O
spread O
NN B-org
. O
. O

The O
DT B-org
Saudi B-gpe
JJ B-org
government O
NN B-org
launched O
VBD B-org
an O
DT B-org
aggressive O
JJ B-org
anti-terrorism O
NN B-org
campaign O
NN B-org
after O
IN B-org
al-Qaida I-org
NNP B-org
militants O
NNS B-org
launched O
VBD B-org
dramatic O
JJ B-org
terrorist O
JJ B-org
attacks O
NNS B-org
against O
IN B-org
Western O
JJ I-org
targets O
NNS B-org
in O
IN B-org
2003 B-tim
CD B-geo
. O
. O

Their O
PRP B-org
$ O
deaths O
NNS B-org
bring O
VBP B-org
to O
TO O
at O
IN O
least O
JJS B-org
10 O
CD O
the O
DT O
number O
NN B-org
of O
IN B-org
coalition O
NN B-org
troops O
NNS B-org
killed O
VBN B-org
in O
IN B-org
recent O
JJ B-org
days O
NNS B-org
. O
. O

Mr. B-per
NNP I-per
Haradinaj I-per
NNP I-per
has O
VBZ B-org
insisted O
VBN B-org
his O
PRP O
$ O
actions O
NNS B-org
were O
VBD B-org
consistent O
JJ B-org
with O
IN B-org
international O
JJ B-org
law O
NN B-org
. O
. O

A O
DT B-org
Taliban I-org
NNP B-org
spokesman O
NN B-org
earlier O
RB O
denied O
VBD B-org
responsibility O
NN B-org
for O
IN O
the O
DT B-org
attack O
NN B-org
. O
. O

South B-geo
JJ I-org
African B-gpe
JJ B-org
health O
NN B-org
officials O
NNS B-org
say O
VBP B-org
they O
PRP O
have O
VBP B-org
confirmed O
VBN B-org
six O
CD O
new O
JJ B-org
cases O
NNS B-org
of O
IN O
a O
DT O
deadly O
JJ B-org
and O
CC O
extremely O
RB O
drug-resistant O
JJ B-org
strain O
NN B-org
of O
IN O
tuberculosis O
NN B-org
. O
. O

The O
DT B-org
IAEA I-org
NNP B-org
has O
VBZ B-org
been O
VBN B-org
pressing O
VBG B-org
Iran B-geo
NNP B-org
for O
IN O
months O
NNS B-org
for O
IN O
access O
NN B-org
to O
TO O
the O
DT B-org
military O
JJ B-org
site O
NN B-org
, O
, O
located O
VBN B-org
about O
IN O
30 O
CD O
kilometers O
NNS O
southeast O
NN B-org
of O
IN B-geo
Tehran B-geo
NNP B-org
. O
. O

He O
PRP B-org
has O
VBZ B-org
, O
, O
however O
RB O
, O
, O
appeared O
VBN B-org
in O
IN O
videos O
NNS B-org
and O
CC O
photographs O
NNS B-org
, O
, O
and O
CC O
articles O
NNS B-org
attributed O
VBD B-org
to O
TO O
him O
PRP B-org
have O
VBP B-org
been O
VBN B-org
published O
VBN B-org
in O
IN O
the O
DT B-org
state-run O
JJ B-org
media O
NNS B-org
. O
. O

The O
DT B-org
group O
NN B-org
includes O
VBZ B-org
personnel O
NNS B-org
who O
WP O
were O
VBD B-org
scheduled O
VBN B-org
to O
TO O
rotate O
VB B-org
home O
NN B-org
in O
IN B-tim
September B-tim
NNP B-org
and O
CC O
others O
NNS B-org
whose O
WP B-org
$ O
deployments O
NNS B-org
would O
MD O
be O
VB B-org
cut O
VBN B-org
short O
JJ B-org
. O
. O

International O
NNP B-org
observers O
NNS B-org
say O
VBP B-org
there O
EX B-org
is O
VBZ B-org
no O
DT O
evidence O
NN B-org
of O
IN O
widespread O
JJ B-org
fraud O
NN B-org
in O
IN B-org
the O
DT O
run-off O
NN B-org
. O
. O

The O
DT B-org
secretary-general O
NN B-org
will O
MD O
also O
RB O
be O
VB B-org
traveling O
VBG B-org
to O
TO O
the O
DT B-org
Darfur B-geo
NNP B-org
region O
NN B-org
himself O
PRP B-org
and O
CC O
to O
TO O
Sudan B-geo
NNP B-org
's O
POS O
southern O
JJ B-org
town O
NN B-org
of O
IN B-org
Rumbek I-org
NNP B-org
, O
, O
where O
WRB B-org
he O
PRP B-org
will O
MD O
examine O
VB B-org
the O
DT B-org
peace O
NN B-org
process O
NN B-org
. O
. O

China B-geo
NNP B-org
's O
POS B-org
Commerce I-org
NNP B-org
Ministry I-org
NNP B-org
says O
VBZ B-org
major O
JJ B-org
differences O
NNS B-org
remain O
VBP B-org
between O
IN B-org
Beijing B-geo
NNP B-org
and O
CC O
Washington B-geo
NNP B-org
over O
IN B-org
textile O
JJ B-org
exports O
NNS B-org
after O
IN O
two O
CD O
days O
NNS B-org
of O
IN B-org
talks O
NNS B-org
on O
IN B-org
the O
DT O
issue O
NN B-org
in O
IN B-org
San B-geo
NNP B-org
Francisco B-geo
NNP B-org
, O
, O
California B-geo
NNP B-org
earlier O
RBR B-org
this O
DT B-org
week O
NN B-org
. O
. O

The O
DT B-org
rebels O
NNS B-org
, O
, O
generally O
RB B-org
called O
VBN B-org
Ex-FAR B-org
NN B-org
( O
LRB B-org
members O
NNS B-org
of O
IN B-org
the O
DT B-org
former O
JJ B-org
Rwandan B-geo
JJ B-org
army O
NN B-org
) O
RRB B-org
and O
CC B-org
Interahamwe I-org
NNP B-org
, O
, O
are O
VBP B-org
mostly O
RB B-org
responsible O
JJ B-org
for O
IN B-org
the O
DT B-org
1994 B-tim
CD I-org
Rwandan B-geo
JJ B-org
genocide O
NN B-org
that O
WDT B-org
killed O
VBD B-org
about O
IN O
8,00,000 O
CD O
people O
NNS B-org
during O
IN B-org
a O
DT B-org
three-month O
JJ B-org
period O
NN B-org
. O
. O

Speaking O
VBG B-org
to O
TO O
Iranian B-gpe
JJ B-org
state O
NN B-org
television O
NN B-org
, O
, O
Nourollah B-per
NNP I-per
Rezai I-per
NNP B-org
Niaraki B-org
NNP B-org
rejected O
VBD B-org
earlier O
JJR B-org
reports O
NNS B-org
that O
IN B-org
as O
IN O
many O
JJ B-org
80 O
CD O
people O
NNS B-org
died O
VBD B-org
in O
IN B-org
the O
DT B-org
crash O
NN B-org
Friday B-tim
NNP B-org
. O
. O

He O
PRP B-org
assembled O
VBD B-org
a O
DT B-org
good O
JJ B-org
many O
JJ B-org
Foxes I-org
NNS B-org
and O
CC O
publicly O
RB B-org
advised O
VBD B-org
them O
PRP B-org
to O
TO O
cut O
VB B-org
off O
RP B-org
their O
PRP B-org
$ O
tails O
NNS O
, O
, O
saying O
VBG B-org
that O
IN B-org
they O
PRP B-org
would O
MD O
not O
RB B-org
only O
RB B-org
look O
VB B-org
much O
RB B-org
better O
JJR B-org
without O
IN B-org
them O
PRP B-org
, O
, O
but O
CC O
that O
IN B-org
they O
PRP B-org
would O
MD B-org
get O
VB B-org
rid O
JJ B-org
of O
IN B-org
the O
DT O
weight O
NN B-org
of O
IN B-org
the O
DT B-org
brush O
NN B-org
, O
, O
which O
WDT O
was O
VBD B-org
a O
DT O
very O
RB O
great O
JJ B-org
inconvenience O
NN B-org
. O
. O

The O
DT B-org
French-Colombian B-org
JJ B-org
politician O
NN B-org
has O
VBZ B-org
been O
VBN B-org
on O
IN B-org
a O
DT B-org
tour O
NN B-org
of O
IN B-org
South O
JJ I-org
American O
JJ B-org
countries O
NNS B-org
to O
TO O
solicit O
VB B-org
regional O
JJ B-org
support O
NN B-org
for O
IN O
persuading O
VBG B-org
rebels O
NNS B-org
with O
IN B-org
the O
DT B-org
Revolutionary B-org
JJ I-org
Armed I-org
JJ B-org
Forces I-org
NNS B-org
of O
IN B-org
Colombia B-geo
NNP B-org
, O
, O
or O
CC B-org
FARC B-org
NNP B-org
, O
, O
to O
TO O
release O
VB B-org
their O
PRP O
$ O
captives O
NNS B-org
. O
. O

Mr. B-per
NNP I-per
Lopez I-per
NNP I-per
Obrador B-per
NNP B-org
addressed O
VBD B-org
hundreds O
NNS B-org
of O
IN B-org
supporters O
NNS B-org
outside O
IN B-org
party O
NN B-org
offices O
NNS B-org
, O
, O
just O
RB O
one O
CD O
day O
NN B-org
after O
IN B-org
he O
PRP B-org
stepped O
VBD B-org
down O
RP B-org
as O
IN B-org
the O
DT B-org
capital O
NN B-org
city O
NN B-org
's O
POS B-org
mayor O
NN B-org
. O
. O

The O
DT B-org
ministry O
NN B-org
said O
VBD B-org
the O
DT B-org
bill O
NN B-org
is O
VBZ B-org
in O
IN B-org
rigorous O
JJ B-org
compliance O
NN B-org
with O
IN B-org
press O
NN B-org
freedoms O
NNS B-org
guaranteed O
VBN B-org
under O
IN B-org
the O
DT B-org
constitution O
NN B-org
and O
CC O
international O
JJ B-org
treaties O
NNS B-org
. O
. O

A O
DT B-org
spokesman O
NN B-org
for O
IN B-org
Mr. B-per
NNP I-per
Zardari I-per
NNP B-org
, O
, O
Farhatullah B-per
NNP B-org
Babar B-org
NNP B-org
, O
, O
also O
RB B-org
called O
VBD B-org
for O
IN B-org
better O
JJR B-org
access O
NN B-org
to O
TO O
European B-org
NNP B-org
Union I-org
NNP B-org
markets O
NNS B-org
to O
TO O
help O
VB B-org
boost O
VB B-org
Pakistan B-geo
NNP B-org
's O
POS O
economy O
NN B-org
. O
. O

Aid O
JJ B-org
groups O
NNS B-org
say O
VBP B-org
that O
IN O
more O
JJR B-org
than O
IN O
230 O
CD O
Afghan B-gpe
JJ B-org
civilians O
NNS O
have O
VBP B-org
been O
VBN B-org
killed O
VBN B-org
this O
DT O
year O
NN B-org
in O
IN B-org
operations O
NNS B-org
by O
IN B-org
NATO B-org
NNP B-org
and O
CC O
U.S.-led B-geo
JJ B-org
troops O
NNS B-org
. O
. O

Mr. B-per
NNP I-per
Bush I-per
NNP I-per
said O
VBD B-org
at O
IN B-org
the O
DT B-org
White O
NNP B-org
House O
NNP B-org
Tuesday B-tim
NNP B-org
, O
, O
that O
IN B-org
Rumsfeld I-org
NNP B-org
is O
VBZ B-org
doing O
VBG B-org
a O
DT B-org
`` O
`` O
fine O
JJ B-org
`` O
`` O
job O
NN B-org
. O
. O

Khan B-org
NNP B-org
never O
RB O
arrived O
VBD B-org
in O
IN B-org
the O
DT B-org
country O
NN B-org
and O
CC O
the O
DT O
plot O
NN B-org
was O
VBD B-org
never O
RB O
carried O
VBN B-org
out O
RP B-org
. O
. O

Azeris O
NNS B-org
speak O
VBP B-org
a O
DT B-org
language O
NN B-org
close O
RB B-org
to O
IN B-org
Turkish B-gpe
NNP B-org
. O
. O

Witnesses O
NNS B-org
and O
CC O
unnamed O
JJ B-org
security O
NN B-org
officials O
NNS B-org
identified O
VBD B-org
the O
DT B-org
teachers O
NNS B-org
as O
IN B-org
the O
DT B-org
Dutch B-org
JJ B-org
principal O
NN B-per
Hendrik I-per
NNP I-per
Taatgen I-per
NNP B-org
and O
CC O
his O
PRP B-org
$ O
Australian B-org
JJ B-org
deputy O
NN B-org
Brian B-per
NNP I-per
Ambrosio I-per
NNP I-per
of O
IN B-org
an O
DT B-org
American-run B-org
JJ B-org
school O
NN B-org
in O
IN B-org
Beit B-org
NNP B-org
Lahiya B-org
NNP B-org
. O
. O

The O
DT B-org
commission O
NN B-org
had O
VBD B-org
suggested O
VBN B-org
converting O
VBG B-org
parts O
NNS B-org
of O
IN B-org
ruined O
JJ B-org
neighborhoods O
NNS B-org
into O
IN B-org
parks O
NNS B-org
and O
CC O
imposing O
VBG B-org
a O
DT B-org
ban O
NN B-org
on O
IN B-org
building O
NN B-org
permits O
NNS B-org
in O
IN B-geo
some O
DT B-org
areas O
NNS B-org
. O
. O

Oil O
NN B-org
prices O
NNS B-org
hit O
VBD B-org
a O
DT O
17-month O
JJ B-org
low O
JJ B-org
Monday B-tim
NNP B-org
as O
IN O
investors O
NNS O
worried O
VBD B-org
that O
IN B-org
a O
DT O
global O
JJ B-org
economic O
JJ B-org
slowdown O
NN B-org
will O
MD O
cut O
VB B-org
demand O
NN B-org
for O
IN B-org
energy O
NN B-org
. O
. O

The O
DT B-org
Swedish B-gpe
JJ B-org
security O
NN B-org
police O
NNS B-org
say O
VBP B-org
the O
DT B-org
man O
NN B-org
, O
, O
a O
DT B-org
Swedish B-gpe
JJ B-org
citizen O
NN B-org
, O
, O
was O
VBD B-org
detained O
VBN B-org
in O
IN B-org
the O
DT B-org
capital O
NN B-org
of O
IN B-org
Stockholm B-geo
NNP B-org
on O
IN B-org
Tuesday B-tim
NNP B-org
. O
. O

Tensions O
NNS B-org
have O
VBP B-org
risen O
VBN B-org
between O
IN B-org
the O
DT B-org
two O
CD O
nations O
NNS B-org
since O
IN B-org
Sudanese B-geo
JJ B-org
rebels O
NNS B-org
attacked O
VBD B-org
the O
DT B-org
Chadian B-geo
JJ B-org
town O
NN B-org
of O
IN B-org
Adre I-org
NNP B-org
last O
JJ B-org
month O
NN B-org
. O
. O

A O
DT B-org
top O
JJ B-org
member O
NN B-org
of O
IN B-org
the O
DT B-org
Obama B-org
NNP B-org
administration O
NN B-org
begins O
VBZ B-org
a O
DT B-org
visit O
NN B-org
to O
TO O
the O
DT B-org
Middle B-geo
NNP B-org
East O
NNP B-org
Sunday B-tim
NNP B-org
to O
TO O
discuss O
VB B-org
global O
JJ B-org
security O
NN B-org
. O
. O

Palestinian B-gpe
JJ B-org
security O
NN B-org
officials O
NNS B-org
say O
VBP B-org
masked O
VBN B-org
Palestinian B-gpe
JJ B-org
police O
NN B-org
briefly O
RB O
stormed O
VBD B-org
a O
DT B-org
government O
NN B-org
building O
NN B-org
in O
IN B-org
the O
DT B-org
Gaza B-geo
NNP B-org
Strip I-org
NNP B-org
in O
IN B-org
anger O
NN B-org
over O
IN B-org
not O
RB B-org
receiving O
VBG B-org
their O
PRP O
$ O
salaries O
NNS B-org
from O
IN B-org
the O
DT B-org
Hamas-led B-org
JJ B-org
government O
NN B-org
. O
. O

Zimbabwe B-geo
NNP B-org
's O
POS B-org
main O
JJ B-org
labor O
NN B-org
union O
NN B-org
says O
VBZ B-org
two O
CD O
South B-geo
NNP B-org
African-based O
JJ B-org
trade O
NN B-org
union O
NN B-org
workers O
NNS B-org
were O
VBD B-org
deported O
VBN B-org
Wednesday B-tim
NNP B-org
shortly O
RB B-tim
after O
IN B-org
they O
PRP B-org
arrived O
VBD B-org
in O
IN B-geo
Harare B-geo
NNP B-org
where O
WRB B-org
they O
PRP B-org
were O
VBD B-org
planning O
VBG B-org
to O
TO O
discuss O
VB B-org
the O
DT B-org
establishment O
NN B-org
of O
IN B-org
a O
DT B-org
trade O
NN B-org
union O
NN B-org
school O
NN B-org
. O
. O

In O
IN B-org
National B-org
NNP B-org
Basketball I-org
NNP B-org
Association I-org
NNP B-org
( O
LRB B-org
NBA I-org
NNP B-org
) O
RRB O
action O
NN B-org
Thursday B-tim
NNP B-org
, O
, O
Tracy B-per
NNP I-per
McGrady I-per
NNP B-org
scored O
VBD B-org
34 O
CD O
points O
NNS O
to O
TO O
lead O
VB B-org
the O
DT B-org
Houston B-geo
NNP B-org
Rockets I-org
NNPS B-org
over O
IN B-org
the O
DT B-org
Cleveland B-geo
NNP B-org
Cavaliers I-org
NNP B-org
, O
, O
90-81 O
CD O
in O
IN B-geo
Cleveland B-geo
NNP B-org
. O
. O

Airline O
NN B-org
officials O
NNS B-org
say O
VBP B-org
the O
DT O
plane O
NN B-org
was O
VBD B-org
carrying O
VBG O
104 O
CD O
people O
NNS O
, O
, O
including O
VBG B-org
a O
DT O
number O
NN B-org
of O
IN O
foreigners O
NNS B-org
. O
. O

Major O
NNP B-org
U.S. B-geo
NNP B-org
stock O
NN B-org
indexes O
NNS B-org
swung O
VBG B-org
between O
IN B-org
gains O
NNS B-org
and O
CC O
losses O
NNS B-org
in O
IN B-org
Monday B-tim
NNP B-org
's O
POS B-org
volatile O
JJ B-org
trading O
NN B-org
but O
CC O
were O
VBD B-org
down O
RB O
as O
RB O
much O
RB O
as O
IN O
one O
CD O
percent O
NN B-org
by O
IN B-org
the O
DT B-org
close O
NN B-org
. O
. O

He O
PRP B-org
added O
VBD B-org
that O
IN B-org
the O
DT B-org
president O
NN B-org
's O
POS B-org
security O
NN B-org
team O
NN B-org
is O
VBZ B-org
following O
VBG B-org
up O
RP B-org
with O
IN B-org
Turkish B-gpe
JJ B-org
authorities O
NNS B-org
about O
IN B-org
the O
DT B-org
case O
NN B-org
, O
, O
as O
IN B-org
is O
VBZ B-org
standard O
JJ B-org
practice O
NN B-org
. O
. O

Karen B-per
NNP I-per
Hughes I-per
NNP B-org
, O
, O
a O
DT B-org
long-time O
JJ B-org
advisor O
NN B-org
to O
TO O
the O
DT B-org
president O
NN B-org
, O
, O
is O
VBZ B-org
slated O
VBN B-org
to O
TO O
arrive O
VB B-org
in O
IN B-geo
Egypt B-geo
NNP B-org
Sunday B-tim
NNP B-org
as O
IN B-org
part O
NN B-org
of O
IN B-org
what O
WP B-org
she O
PRP B-org
says O
VBZ B-org
is O
VBZ B-org
a O
DT B-org
campaign O
NN B-org
to O
TO O
counter O
VB B-org
a O
DT B-org
terrorist O
JJ B-org
message O
NN B-org
of O
IN B-org
hate O
NN B-org
with O
IN O
one O
CD O
of O
IN B-org
freedom O
NN B-org
and O
CC O
hope O
NN B-org
. O
. O

They O
PRP B-org
discussed O
VBD B-org
Haiti B-geo
NNP B-org
's O
POS B-org
inclusion O
NN B-org
in O
IN B-geo
Venezuela B-geo
NNP B-org
's O
POS B-org
Petrocaribe I-org
NNP B-org
program O
NN B-org
which O
WDT B-org
offers O
VBZ B-org
generous O
JJ B-org
payment O
NN B-org
options O
NNS B-org
to O
TO O
Caribbean B-geo
JJ I-org
countries O
NNS B-org
for O
IN B-org
the O
DT B-org
purchase O
NN B-org
of O
IN O
Venezuelan B-gpe
JJ B-org
oil O
NN B-org
. O
. O

Justice B-org
NNP I-org
Department I-org
NNP B-org
officials O
NNS B-org
notified O
VBD B-org
judges O
NNS B-org
presiding O
VBG B-org
over O
IN B-org
the O
DT O
cases O
NNS B-org
at O
IN B-org
the O
DT B-org
U.S. B-geo
NNP B-org
District O
NNP B-org
Court O
NNP B-org
in O
IN B-geo
Washington B-geo
NNP B-org
that O
IN B-org
official O
JJ B-org
motions O
NNS B-org
to O
TO O
dismiss O
VB B-org
the O
DT B-org
lawsuits O
NNS B-org
will O
MD O
be O
VB B-org
filed O
VBN B-org
. O
. O

In O
IN B-org
December B-tim
NNP B-org
2005 B-tim
CD B-org
, O
, O
Bolivians B-geo
NNS B-org
elected O
VBD B-org
Movement I-org
NNP B-org
Toward I-org
NNP B-org
Socialism I-org
NNP B-org
leader O
NN B-org
Evo B-org
NNP B-org
MORALES B-org
NNP B-org
president O
NN B-org
- O
: O
by O
IN B-org
the O
DT B-org
widest O
JJS B-org
margin O
NN B-org
of O
IN B-org
any O
DT B-org
leader O
NN B-org
since O
IN B-org
the O
DT B-org
restoration O
NN B-org
of O
IN B-org
civilian O
JJ B-org
rule O
NN B-org
in O
IN B-org
1982 B-tim
CD B-org
- O
: O
after O
IN B-org
he O
PRP B-org
ran O
VBD B-org
on O
IN B-org
a O
DT B-org
promise O
NN B-org
to O
TO O
change O
VB B-org
the O
DT B-org
country O
NN B-org
's O
POS B-org
traditional O
JJ B-org
political O
JJ B-org
class O
NN B-org
and O
CC O
empower O
VB B-org
the O
DT B-org
nation O
NN B-org
's O
POS B-org
poor O
NN B-org
, O
, O
indigenous O
JJ B-org
majority O
NN B-org
. O
. O

Supporters O
NNS B-org
of O
IN B-org
Pakistan B-geo
NNP B-org
's O
POS B-org
suspended O
JJ B-org
chief O
NN B-org
justice O
NN B-org
have O
VBP B-org
taken O
VBN B-org
to O
TO O
the O
DT B-org
streets O
NNS B-org
in O
IN B-org
a O
DT B-org
show O
NN B-org
of O
IN B-org
solidarity O
NN B-org
. O
. O

No O
DT O
casualties O
NNS B-org
were O
VBD B-org
reported O
VBN B-org
, O
, O
but O
CC O
the O
DT B-org
government O
NN B-org
of O
IN B-org
northern O
JJ B-org
Iraq B-geo
NNP B-org
's O
POS B-org
Kurdish O
JJ B-org
region O
NN B-org
says O
VBZ B-org
Iranian B-gpe
JJ B-org
shelling O
NN B-org
has O
VBZ B-org
caused O
VBN B-org
serious O
JJ B-org
concern O
NN B-org
among O
IN B-org
residents O
NNS B-org
. O
. O

Millions O
NNS B-org
of O
IN B-org
Americans I-org
NNS B-org
traditionally O
RB B-org
enjoy O
VBP B-org
a O
DT O
roasted O
JJ B-org
turkey O
NN B-org
meal O
NN B-org
on O
IN B-org
this O
DT B-org
Thursday B-tim
NNP B-org
's O
POS B-org
Thanksgiving B-tim
NNP B-org
Day O
NNP B-org
holiday O
NN B-org
. O
. O

She O
PRP B-org
also O
RB O
met O
VBD B-org
with O
IN B-org
Egyptian B-gpe
JJ B-org
democracy O
NN B-org
activists O
NNS B-org
Wednesday B-tim
NNP B-org
. O
. O

In O
IN B-org
a O
DT B-org
statement O
NN B-org
released O
VBN B-org
Thursday B-tim
NNP B-org
, O
, O
Australian B-org
NNP B-org
Defense I-org
NNP B-org
Minister O
NNP B-per
Robert B-per
NNP I-per
Hill I-per
NNP B-org
said O
VBD B-org
the O
DT B-org
military O
NN B-org
's O
POS O
primary O
JJ B-org
mission O
NN B-org
to O
TO O
restore O
VB B-org
hospital O
NN B-org
services O
NNS B-org
, O
, O
water O
NN B-org
and O
CC O
other O
JJ B-org
infrastructure O
NN B-org
has O
VBZ B-org
been O
VBN B-org
achieved O
VBN B-org
. O
. O

The O
DT B-org
U.N. B-org
NNP B-org
war O
NN B-org
crimes O
NNS B-org
tribunal O
NN B-org
in O
IN B-org
The O
DT B-org
Hague B-org
NNP B-org
has O
VBZ B-org
already O
RB O
sentenced O
VBN B-org
14 O
CD B-org
Serbs I-org
NNS B-org
for O
IN B-org
their O
PRP B-org
$ O
key O
JJ B-org
roles O
NNS B-org
in O
IN B-org
the O
DT B-org
killings O
NNS B-org
. O
. O

Hundreds O
NNS B-org
of O
IN B-org
Pakistani B-gpe
JJ B-org
women O
NNS B-org
have O
VBP B-org
gathered O
VBN B-org
in O
IN B-org
the O
DT B-org
capital O
NN B-org
, O
, O
Islamabad B-org
NNP B-org
, O
, O
to O
TO O
denounce O
VB B-org
President B-per
NNP B-per
Pervez I-per
NNP I-per
Musharraf I-per
NNP B-org
's O
POS B-org
reported O
JJ B-org
remarks O
NNS B-org
about O
IN B-org
rape O
NN B-org
victims O
NNS B-org
in O
IN B-org
the O
DT B-org
country O
NN B-org
, O
, O
and O
CC O
to O
TO O
demand O
VB B-org
his O
PRP O
$ O
apology O
NN B-org
. O
. O

In O
IN B-org
an O
DT B-org
interview O
NN B-org
broadcast O
NN B-org
Monday B-tim
NNP B-org
by O
IN B-org
the O
DT B-org
British B-org
NNP B-org
Broadcasting I-org
NNP B-org
Corporation I-org
NNP B-org
, O
, O
Mr. B-per
NNP B-org
Assad I-per
NNP B-org
said O
VBD B-org
he O
PRP O
is O
VBZ B-org
ready O
JJ B-org
to O
TO O
hold O
VB B-org
talks O
NNS B-org
with O
IN B-org
Israel B-geo
NNP B-org
but O
CC O
that O
IN B-org
an O
DT B-org
impartial O
JJ B-org
arbiter O
NN B-org
is O
VBZ B-org
needed O
VBN B-org
to O
TO O
mediate O
VB B-org
between O
IN B-org
the O
DT B-org
two O
CD O
sides O
NNS B-org
. O
. O

It O
PRP B-org
says O
VBZ B-org
the O
DT O
operation O
NN B-org
is O
VBZ B-org
threatening O
VBG B-org
the O
DT O
last O
JJ B-org
major O
JJ B-org
tract O
NN B-org
of O
IN B-org
undisturbed O
JJ B-org
tropical O
JJ B-org
forests O
NNS B-org
in O
IN B-geo
the O
DT B-org
entire O
JJ B-org
Asia-Pacific B-geo
JJ B-org
region O
NN B-org
. O
. O

A O
DT B-org
suicide O
NN B-org
car O
NN B-org
bomb O
NN B-org
exploded O
VBD B-org
in O
IN B-org
southern O
JJ B-org
Iraq B-geo
NNP B-org
Sunday B-tim
NNP B-org
outside O
IN O
an O
DT O
apartment O
NN B-org
building O
NN B-org
used O
VBN B-org
by O
IN O
a O
DT B-org
Shi'ite O
NNP B-org
militia O
NN B-org
, O
, O
killing O
VBG B-org
at O
IN O
least O
JJS B-org
one O
CD O
person O
NN B-org
and O
CC O
wounding O
VBG B-org
several O
JJ B-org
others O
NNS B-org
. O
. O

The O
DT B-org
two O
CD O
leaders O
NNS B-org
were O
VBD B-org
to O
TO O
have O
VB B-org
met O
VBN B-org
today O
NN B-org
, O
, O
but O
CC O
the O
DT B-org
meeting O
NN B-org
was O
VBD B-org
canceled O
VBN B-org
after O
IN O
a O
DT B-org
10-day B-tim
JJ B-org
upsurge O
NN B-org
in O
IN B-org
violence O
NN B-org
. O
. O

Prosecutors O
NNS B-org
say O
VBP B-org
Crnogorac B-org
NNP B-org
was O
VBD B-org
a O
DT B-org
member O
NN B-org
of O
IN B-org
Bosnian B-gpe
JJ B-org
Serb O
JJ B-org
forces O
NNS B-org
that O
WDT B-org
captured O
VBD B-org
the O
DT B-org
U.N.-protected B-org
JJ B-org
Srebrenica B-geo
NNP B-org
enclave O
NN B-org
on O
IN B-org
July B-tim
NNP B-org
11 I-org
CD B-org
, O
, O
1995 B-tim
CD B-org
, O
, O
at O
IN B-org
the O
DT B-org
end O
NN B-org
of O
IN B-org
Bosnia B-geo
NNP B-org
's O
POS O
three-year O
JJ B-org
war O
NN B-org
. O
. O

Both O
DT B-org
men O
NNS B-org
held O
VBD B-org
separate O
JJ B-org
talks O
NNS B-org
in O
IN B-org
Beirut B-geo
NNP B-org
last O
JJ B-org
week O
NN B-org
. O
. O

The O
DT B-org
incident O
NN B-org
happened O
VBD B-org
in O
IN B-org
the O
DT B-org
same O
JJ B-org
area O
NN B-org
where O
WRB B-org
Israeli B-gpe
JJ B-org
soldiers O
NNS B-org
shot O
VBD B-org
and O
CC O
killed O
VBD B-org
three O
CD O
Egyptian B-gpe
JJ B-org
police O
NN B-org
officers O
NNS B-org
Thursday B-tim
NNP B-org
. O
. O

The O
DT B-org
statement O
NN B-org
recommended O
VBD B-org
that O
IN O
all O
DT B-org
Americans I-org
NNS B-org
, O
, O
including O
VBG B-org
journalists O
NNS B-org
and O
CC O
aid O
NN B-org
workers O
NNS B-org
, O
, O
defer O
VB B-org
travel O
NN B-org
to O
TO O
the O
DT B-org
West I-org
NNP B-org
Bank I-org
NNP B-org
and O
CC O
avoid O
VB B-org
any O
DT B-org
travel O
NN B-org
in O
IN B-org
the O
DT B-org
Gaza B-geo
NNP B-org
Strip I-org
NNP B-org
. O
. O

Pakistani B-gpe
JJ B-per
President B-per
NNP I-per
Pervez I-per
NNP I-per
Musharraf I-per
NNP I-per
and O
CC O
British B-org
JJ I-org
Prime B-per
NNP I-org
Minister O
NNP B-per
Tony B-per
NNP I-per
Blair I-per
NNP B-org
are O
VBP B-org
holding O
VBG B-org
talks O
NNS B-org
today O
NN B-org
expected O
VBN B-org
to O
TO O
be O
VB B-org
dominated O
VBN B-org
by O
IN B-org
the O
DT B-org
fight O
NN B-org
against O
IN B-org
terrorism O
NN B-org
, O
, O
the O
DT B-org
Middle B-org
NNP B-org
East I-org
NNP B-org
, O
, O
Afghanistan B-geo
NNP B-org
and O
CC B-org
Kashmir I-org
NNP B-org
. O
. O

Among O
IN O
the O
DT B-org
hardest O
JJS B-org
hit O
NN B-org
are O
VBP B-org
retirees O
NNS B-org
. O
. O

Officials O
NNS B-org
say O
VBP B-org
Leon B-org
NNP I-org
Panetta B-org
NNP B-org
will O
MD O
be O
VB B-org
nominated O
VBN B-org
as O
IN B-org
director O
NN B-org
of O
IN B-org
the O
DT B-org
CIA I-org
NNP B-org
in O
IN B-org
the O
DT B-org
new O
JJ B-org
Obama I-per
NNP B-org
administration O
NN B-org
. O
. O

Mr. B-per
NNP I-per
Cavaco I-per
NNP I-per
Silva I-per
NNP B-org
has O
VBZ B-org
promised O
VBN B-org
to O
TO O
revitalize O
VB B-org
Portugal B-geo
NNP B-org
's O
POS B-org
economy O
NN B-org
. O
. O

Most O
JJS B-org
of O
IN B-org
those O
DT O
already O
RB O
freed O
VBN B-org
are O
VBP B-org
ordinary O
JJ B-org
prisoners O
NNS B-org
. O
. O

CNN B-org
NNP B-org
says O
VBZ B-org
the O
DT B-per
Farsi I-per
NNP B-org
word O
NN B-org
for O
IN B-org
`` O
`` O
technology O
NN B-org
`` O
`` O
was O
VBD B-org
mistakenly O
RB O
translated O
VBN B-org
into O
IN B-org
`` O
`` O
weapons O
NNS B-org
. O
. O
`` O
`` O

India B-geo
NNP O
was O
VBD B-org
6 O
CD O
without O
IN O
loss O
NN B-org
after O
IN O
surviving O
VBG O
eight O
CD O
overs O
NNS O
before O
IN O
stumps O
NNS B-org
. O
. O

The O
DT B-org
U.N. B-org
NNP B-org
Security I-org
NNP B-org
Council I-org
NNP B-org
in O
IN B-org
1999 B-tim
CD B-org
called O
VBD B-org
on O
IN B-org
nations O
NNS B-org
to O
TO O
freeze O
VB B-org
the O
DT O
assets O
NNS B-org
of O
IN B-org
groups O
NNS B-org
and O
CC O
individuals O
NNS B-org
with O
IN B-org
suspected O
JJ B-org
links O
NNS B-org
to O
TO O
Osama B-org
NNP B-org
bin B-org
NNP B-org
Laden I-per
NNP B-org
's O
POS B-org
al-Qaida I-org
NNP B-org
network O
NN B-org
and O
CC B-org
Afghanistan B-geo
NNP B-org
's O
POS B-org
ousted O
JJ B-org
Taleban I-per
NNP B-org
regime O
NN B-org
. O
. O

Chrysler B-org
NNP I-org
saw O
VBD B-org
sales O
NNS B-org
fall O
VB B-org
about O
IN O
eight O
CD O
percent O
NN O
. O
. O

But O
CC O
both O
DT B-org
sides O
NNS B-org
are O
VBP B-org
claiming O
VBG B-org
numerous O
JJ B-org
instances O
NNS B-org
of O
IN O
voting O
NN B-org
irregularities O
NNS B-org
. O
. O

Many O
NN B-org
of O
IN B-org
them O
PRP B-org
suffered O
VBD B-org
severe O
JJ B-org
burns O
NNS B-org
in O
IN B-org
the O
DT B-org
gas O
NN B-org
tanker O
NN B-org
explosion O
NN B-org
. O
. O

The O
DT B-per
Hart I-per
NN B-org
, O
, O
at O
IN O
the O
DT O
point O
NN B-org
of O
IN O
death O
NN B-org
, O
, O
groaned O
VBD B-org
: O
: O

About O
RB O
200 O
CD O
passengers O
NNS B-org
were O
VBD B-org
thought O
VBN B-org
to O
TO O
be O
VB B-org
aboard O
IN O
the O
DT B-org
Sudan B-geo
NNP B-org
Airways I-org
NNPS B-org
plane O
NN B-org
when O
WRB B-org
it O
PRP B-org
landed O
VBD B-org
in O
IN O
bad O
JJ B-org
weather O
NN B-org
late O
JJ B-org
Tuesday B-tim
NNP B-org
. O
. O

U.S. B-geo
NNP B-org
crude O
JJ B-org
oil O
NN O
prices O
NNS B-org
have O
VBP B-org
risen O
VBN B-org
to O
TO O
another O
DT O
record O
NN O
high O
NN B-org
, O
, O
passing O
VBG B-org
$ O
$ O
78 O
CD O
a O
DT O
barrel O
NN B-org
, O
, O
as O
IN O
violence O
NN B-org
in O
IN B-org
the O
DT B-org
Middle B-geo
NNP B-org
East O
NNP B-org
and O
CC O
Nigeria B-geo
NNP B-org
threatened O
VBD B-org
supplies O
NNS B-org
. O
. O

There O
EX B-org
has O
VBZ B-org
been O
VBN B-org
no O
DT O
claim O
NN B-org
of O
IN O
responsibility O
NN B-org
for O
IN O
the O
DT O
bombing O
NN B-org
. O
. O

United B-org
NNP I-org
Nations I-org
NNP B-org
forensic O
JJ B-org
experts O
NNS B-org
have O
VBP B-org
recovered O
VBN B-org
more O
JJR B-org
than O
IN O
16,000 O
CD O
bodies O
NNS O
from O
IN B-org
more O
JJR B-org
than O
IN O
300 O
CD O
mass O
NN B-org
graves O
NNS B-org
in O
IN B-geo
Bosnia B-geo
NNP B-org
. O
. O

And O
CC O
leaders O
NNS B-org
from O
IN B-org
several O
JJ B-org
African B-org
JJ B-org
countries O
NNS B-org
praised O
VBD B-org
the O
DT B-org
run-off O
NN B-org
as O
IN B-org
peaceful O
JJ B-org
, O
, O
transparent O
JJ B-org
, O
, O
free O
JJ B-org
and O
CC O
fair O
JJ B-org
. O
. O

The O
DT B-org
United B-org
NNP I-org
Nations I-org
NNPS B-org
Food I-org
NNP I-org
and O
CC B-org
Agriculture I-org
NNP I-org
Organization I-org
NNP B-org
says O
VBZ B-org
climate O
NN O
change O
NN B-org
may O
MD O
hurt O
VB B-org
food O
NN O
production O
NN B-org
in O
IN O
tropical O
JJ B-org
areas O
NNS B-org
. O
. O

Foreign O
JJ B-org
governments O
NNS B-org
and O
CC O
aid O
NN B-org
organization O
NN B-org
have O
VBP B-org
promised O
VBN B-org
to O
TO O
help O
VB B-org
Nigeria B-geo
NNP O
contain O
VB B-org
the O
DT O
virus O
NN B-org
, O
, O
which O
WDT B-org
has O
VBZ B-org
killed O
VBN B-org
nearly O
RB O
90 O
CD O
people O
NNS O
worldwide O
JJ B-org
since O
IN B-tim
2003 B-tim
CD O
. O
. O

Another O
DT O
roadside O
NN B-org
bomb O
NN B-org
blast O
NN B-org
in O
IN B-org
central O
JJ B-org
Baghdad B-geo
NNP O
today O
NN B-org
killed O
VBD B-org
an O
DT B-org
Iraqi B-gpe
JJ B-org
security O
NN B-org
official O
NN B-org
. O
. O

He O
PRP B-org
is O
VBZ B-org
seeking O
VBG B-org
the O
DT B-org
party O
NN B-org
's O
POS B-org
nomination O
NN B-org
to O
TO O
run O
VB B-org
for O
IN B-org
president O
NN B-org
in O
IN B-geo
2008 B-tim
CD B-org
. O
. O

Ukraine B-geo
NNP B-org
's O
POS B-org
security O
NN B-org
service O
NN B-org
has O
VBZ B-org
denied O
VBN B-org
any O
DT O
involvement O
NN B-org
in O
IN B-org
the O
DT B-org
poisoning O
NN B-org
of O
IN B-org
opposition O
NN B-org
presidential O
JJ B-org
candidate O
NN B-org
Viktor B-per
NNP I-per
Yushchenko I-per
NNP B-org
. O
. O

Michael B-per
NNP I-per
Green B-org
NNP B-org
, O
, O
director O
NN B-org
for O
IN B-org
Asian I-org
JJ I-org
affairs O
NNS B-org
on O
IN B-org
the O
DT B-org
U.S. B-geo
NNP B-org
National B-org
NNP I-org
Security I-org
NNP B-org
Council I-org
NNP B-org
, O
, O
says O
VBZ B-org
the O
DT B-org
Bush I-org
NNP B-org
administration O
NN B-org
is O
VBZ B-org
holding O
VBG B-org
out O
RP B-org
hope O
NN B-org
that O
IN B-org
Pyongyang I-org
NNP B-org
will O
MD O
return O
VB B-org
to O
TO O
the O
DT B-org
negotiations O
NNS B-org
. O
. O

Abkhaz B-org
NNP B-org
power O
NN B-org
company O
NN B-org
chief O
JJ B-per
Sergei I-per
NNP I-per
Bagapsh I-per
NNP B-org
was O
VBD B-org
thought O
VBN B-org
to O
TO O
be O
VB B-org
his O
PRP O
$ O
most O
RBS B-org
serious O
JJ B-org
opponent O
NN B-org
. O
. O

Some O
DT B-org
political O
JJ B-org
analysts O
NNS B-org
suggest O
VBP B-org
that O
IN O
a O
DT B-org
major O
JJ B-org
motive O
NN B-org
was O
VBD B-org
to O
TO O
gain O
VB B-org
international O
JJ B-org
acceptance O
NN B-org
for O
IN B-org
these O
DT B-org
countries O
NNS B-org
' O
POS O
own O
JJ B-org
policies O
NNS O
toward O
IN B-org
minorities O
NNS B-org
such O
JJ B-org
as O
IN B-org
the O
DT B-org
Chechens B-geo
NNS B-org
, O
, O
Kashmiris B-geo
NNS B-org
, O
, O
Tibetans B-geo
NNS B-org
, O
, O
and O
CC O
Uighurs I-org
NNS B-org
. O
. O

In O
IN B-org
an O
DT B-org
interview O
NN B-org
published O
VBN B-org
Sunday B-tim
NNP B-org
by O
IN B-org
a O
DT B-org
French B-org
JJ B-org
newspaper O
NN B-org
, O
, O
Nord B-org
NNP I-org
Eclair I-org
NNP B-org
, O
, O
the O
DT B-org
former O
JJ B-org
prime O
JJ B-org
minister O
NN B-org
said O
VBD B-org
he O
PRP B-org
would O
MD O
stand O
VB B-org
for O
IN B-org
office O
NN B-org
as O
IN B-org
head O
NN B-org
of O
IN B-org
the O
DT B-org
`` O
`` O
Rally B-org
NNP B-org
for O
IN I-org
Republicans I-org
NNPS B-org
`` O
`` O
party O
NN B-org
. O
. O

A O
DT B-org
media O
NNS B-org
official O
NN B-org
for O
IN B-org
Beijing B-geo
NNP B-org
's O
POS B-org
Olympic I-org
NNP B-org
organizing O
NN B-org
committee O
NN B-org
, O
, O
Li B-org
NNP B-org
Zhanjun I-per
NNP B-org
, O
, O
told O
VBD B-org
reporters O
NNS B-org
Tuesday B-tim
NNP B-org
that O
IN O
the O
DT B-org
database O
NN B-org
was O
VBD B-org
not O
RB B-org
created O
VBN B-org
to O
TO O
monitor O
VB B-org
or O
CC O
threaten O
VB B-org
journalists O
NNS B-org
. O
. O

Burma B-geo
NNP B-org
's O
POS B-org
pro-democracy O
JJ B-org
leader O
NN B-org
, O
, O
Aung B-org
NNP I-org
San B-org
NNP B-org
Suu I-per
NNP B-org
Kyi I-org
NNP B-org
, O
, O
is O
VBZ B-org
resting O
VBG B-org
at O
IN B-org
her O
PRP O
$ O
home O
NN B-org
in O
IN B-geo
Rangoon B-geo
NNP B-org
after O
IN B-org
being O
VBG B-org
treated O
VBN B-org
at O
IN B-org
a O
DT B-org
hospital O
NN B-org
for O
IN B-org
a O
DT O
stomach O
NN B-org
illness O
NN B-org
. O
. O

Mr. B-per
NNP I-per
Jackson I-per
NNP I-per
faces O
VBZ B-org
10 O
CD I-org
charges O
NNS B-org
involving O
VBG B-org
alleged O
JJ B-org
sexual O
JJ B-org
molestation O
NN B-org
of O
IN O
a O
DT O
child O
NN B-org
under O
IN O
the O
DT O
age O
NN B-org
of O
IN B-org
14 O
CD O
. O
. O

Following O
VBG B-org
nearly O
RB O
16 O
CD O
years O
NNS B-org
of O
IN B-org
military O
JJ B-org
rule O
NN B-org
, O
, O
a O
DT O
new O
JJ B-org
constitution O
NN B-org
was O
VBD B-org
adopted O
VBN B-org
in O
IN B-tim
1999 B-tim
CD B-geo
, O
, O
and O
CC O
a O
DT O
peaceful O
JJ B-org
transition O
NN B-org
to O
TO O
civilian O
JJ B-org
government O
NN B-org
was O
VBD B-org
completed O
VBN B-org
. O
. O

The O
DT B-org
socialist O
JJ B-org
leader O
NN B-org
said O
VBD B-org
Uruguay B-geo
NNP B-org
will O
MD O
resume O
VB B-org
diplomatic O
JJ B-org
ties O
NNS B-org
with O
IN B-org
Havana B-geo
NNP B-org
on O
IN B-org
March B-tim
NNP B-org
first O
RB O
, O
, O
when O
WRB B-org
he O
PRP B-org
takes O
VBZ B-org
office O
NN B-org
. O
. O

Romanian B-gpe
JJ B-org
voters O
NNS B-org
go O
VBP B-org
to O
TO O
the O
DT B-org
polls O
NNS B-org
Sunday B-tim
NNP B-org
in O
IN B-org
presidential O
JJ B-org
and O
CC O
parliamentary O
JJ B-org
elections O
NNS B-org
. O
. O

The O
DT B-org
chairman O
NN B-org
of O
IN B-org
the O
DT B-org
Kenya B-geo
NNP B-org
Media I-org
NNP B-org
Council I-org
NNP B-org
, O
, O
Wachira B-org
NNP B-org
Waruru B-org
NNP B-org
, O
, O
called O
VBD B-org
the O
DT B-org
measure O
NN B-org
a O
DT B-org
blow O
NN B-org
against O
IN B-org
freedom O
NN B-org
of O
IN B-org
the O
DT B-org
press O
NN B-org
. O
. O

Before O
IN B-org
his O
PRP B-org
$ O
arrival O
NN B-org
, O
, O
Mr. B-per
NNP B-org
Clinton B-org
NNP B-org
told O
VBD B-org
a O
DT B-org
Hong B-geo
NNP B-org
Kong B-geo
NNP B-org
newspaper O
NN B-org
group O
NN B-org
he O
PRP B-org
supports O
VBZ B-org
Beijing B-geo
NNP B-org
's O
POS B-org
one-China O
NNP B-org
policy O
NN B-org
, O
, O
which O
WDT B-org
claims O
VBZ B-org
Taiwan B-geo
NNP B-org
as O
IN O
part O
NN B-org
of O
IN B-org
China B-geo
NNP B-org
. O
. O

Israel B-geo
NNP B-org
's O
POS B-org
foreign O
JJ B-org
minister O
NN B-org
, O
, O
Avigdor I-per
NNP I-per
Lieberman B-per
NNP B-org
, O
, O
says O
VBZ B-org
that O
IN B-org
continuing O
VBG B-org
the O
DT B-org
moratorium O
NN B-org
would O
MD O
upset O
VB B-org
Israeli B-gpe
JJ B-org
settlers O
NNS B-org
who O
WP B-org
have O
VBP B-org
threatened O
VBN B-org
to O
TO O
bring O
VB B-org
down O
RP B-org
Israel B-geo
NNP B-org
's O
POS B-org
ruling O
NN B-org
coalition O
NN B-org
if O
IN B-org
the O
DT B-org
construction O
NN B-org
freeze O
NN B-org
is O
VBZ B-org
not O
RB O
lifted O
VBN B-org
. O
. O

Beijing B-geo
NNP I-org
does O
VBZ B-org
not O
RB O
allow O
VB B-org
countries O
NNS B-org
to O
TO O
recognize O
VB B-org
both O
DT B-org
China B-geo
NNP I-org
and O
CC B-org
Taiwan B-geo
NNP B-org
, O
, O
which O
WDT B-org
it O
PRP B-org
sees O
VBZ B-org
as O
IN O
a O
DT B-org
renegade O
NN B-org
province O
NN B-org
. O
. O

It O
PRP B-org
was O
VBD B-org
not O
RB O
immediately O
RB O
clear O
JJ B-org
who O
WP B-org
was O
VBD B-org
responsible O
JJ B-org
. O
. O

Garment O
NN B-org
production O
NN B-org
is O
VBZ B-org
by O
IN O
far O
RB B-org
the O
DT O
most O
RBS B-org
important O
JJ B-org
industry O
NN B-org
with O
IN O
the O
DT O
employment O
NN B-org
of O
IN O
17,500 O
CD O
mostly O
RB O
Chinese B-gpe
JJ B-org
workers O
NNS B-org
and O
CC O
sizable O
JJ B-org
shipments O
NNS B-org
to O
TO O
the O
DT B-org
US B-org
NNP B-org
under O
IN O
duty O
NN B-org
and O
CC O
quota O
NN B-org
exemptions O
NNS B-org
. O
. O

Mr. B-per
NNP I-per
Bakri I-per
NNP I-per
triggered O
VBD B-org
British B-org
JJ B-org
outrage O
NN B-org
after O
IN B-org
the O
DT B-org
July B-tim
NNP B-org
7 O
CD O
bombings O
NNS B-org
in O
IN B-org
London B-geo
NNP B-org
when O
WRB B-org
he O
PRP B-org
said O
VBD B-org
he O
PRP B-org
would O
MD O
never O
RB O
tip O
VB B-org
off O
IN B-org
police O
NN B-org
if O
IN B-org
he O
PRP B-org
knew O
VBD B-org
a O
DT B-org
Muslim O
NN B-org
was O
VBD B-org
about O
IN B-org
to O
TO O
carry O
VB B-org
out O
RP B-org
an O
DT O
attack O
NN B-org
. O
. O

Separately O
RB B-org
, O
, O
authorities O
NNS B-org
say O
VBP B-org
a O
DT B-org
police O
NN B-org
general O
NN B-org
and O
CC O
two O
CD O
of O
IN B-org
his O
PRP B-org
$ O
bodyguards O
NNS B-org
were O
VBD B-org
killed O
VBN B-org
in O
IN B-org
a O
DT O
roadside O
NN B-org
bombing O
NN B-org
near O
IN B-org
Kirkuk B-geo
NNP B-org
. O
. O

Mr. B-per
NNP I-per
Koizumi I-per
NNP B-org
's O
POS B-org
one-day O
JJ B-org
visit O
NN B-org
to O
TO O
Pakistan B-geo
NNP B-org
comes O
VBZ B-org
after O
IN B-org
his O
PRP O
$ O
stop O
NN B-org
for O
IN B-org
talks O
NNS B-org
Friday B-tim
NNP B-org
in O
IN B-geo
India B-geo
NNP B-org
. O
. O

